[Licensing::Module] Trying to connect to existing licensing client channel...
Built from '6000.0/staging' branch; Version is '6000.0.70f1 (0d9e1a373c8b) revision 892442'; Using compiler version '193933523'; Build Type 'Release'
OS: 'Windows 11  (10.0.26200) Professional' Language: 'pt' Physical Memory: 7976 MB
BatchMode: 1, IsHumanControllingUs: 0, StartBugReporterOnCrash: 0, Is64bit: 1
System  architecture: x64
Process architecture: x64
[Licensing::IpcConnector] Successfully connected to: "LicenseClient-janar" at "2026-04-15T21:53:30.8856223Z"
Date: 2026-04-15T21:53:30Z

COMMAND LINE ARGUMENTS:
C:\Program Files\Unity\Hub\Editor\6000.0.70f1\Editor\Unity.exe
-adb2
-batchMode
-noUpm
-name
AssetImportWorker1
-projectPath
C:/Jogo/Cats/Cats
-logFile
Logs/AssetImportWorker1.log
-srvPort
59883
-licensingIpc
LicenseClient-janar
-job-worker-count
3
-background-job-worker-count
8
-gc-helper-count
1
-name
AssetImport
Successfully changed project path to: C:/Jogo/Cats/Cats
C:/Jogo/Cats/Cats
[UnityMemory] Configuration Parameters - Can be set up in boot.config
    "memorysetup-bucket-allocator-granularity=16"
    "memorysetup-bucket-allocator-bucket-count=8"
    "memorysetup-bucket-allocator-block-size=33554432"
    "memorysetup-bucket-allocator-block-count=8"
    "memorysetup-main-allocator-block-size=16777216"
    "memorysetup-thread-allocator-block-size=16777216"
    "memorysetup-gfx-main-allocator-block-size=16777216"
    "memorysetup-gfx-thread-allocator-block-size=16777216"
    "memorysetup-cache-allocator-block-size=4194304"
    "memorysetup-typetree-allocator-block-size=2097152"
    "memorysetup-profiler-bucket-allocator-granularity=16"
    "memorysetup-profiler-bucket-allocator-bucket-count=8"
    "memorysetup-profiler-bucket-allocator-block-size=33554432"
    "memorysetup-profiler-bucket-allocator-block-count=8"
    "memorysetup-profiler-allocator-block-size=16777216"
    "memorysetup-profiler-editor-allocator-block-size=1048576"
    "memorysetup-temp-allocator-size-main=16777216"
    "memorysetup-job-temp-allocator-block-size=2097152"
    "memorysetup-job-temp-allocator-block-size-background=1048576"
    "memorysetup-job-temp-allocator-reduction-small-platforms=262144"
    "memorysetup-allocator-temp-initial-block-size-main=262144"
    "memorysetup-allocator-temp-initial-block-size-worker=262144"
    "memorysetup-temp-allocator-size-background-worker=32768"
    "memorysetup-temp-allocator-size-job-worker=262144"
    "memorysetup-temp-allocator-size-preload-manager=33554432"
    "memorysetup-temp-allocator-size-nav-mesh-worker=65536"
    "memorysetup-temp-allocator-size-audio-worker=65536"
    "memorysetup-temp-allocator-size-cloud-worker=32768"
    "memorysetup-temp-allocator-size-gi-baking-worker=262144"
    "memorysetup-temp-allocator-size-gi-baking-worker=262144"
    "memorysetup-temp-allocator-size-gi-baking-worker=262144"
    "memorysetup-temp-allocator-size-gi-baking-worker=262144"
    "memorysetup-temp-allocator-size-gi-baking-worker=262144"
    "memorysetup-temp-allocator-size-gfx=262144"
Player connection [8592]  Target information:

Player connection [8592]  * "[IP] 192.168.56.1 [Port] 0 [Flags] 2 [Guid] 2890300154 [EditorId] 2890300154 [Version] 1048832 [Id] WindowsEditor(7,DESKTOP-PHGS5PT) [Debug] 1 [PackageName] WindowsEditor [ProjectName] Editor" 

Player connection [8592]  * "[IP] 192.168.5.2 [Port] 0 [Flags] 2 [Guid] 2890300154 [EditorId] 2890300154 [Version] 1048832 [Id] WindowsEditor(7,DESKTOP-PHGS5PT) [Debug] 1 [PackageName] WindowsEditor [ProjectName] Editor" 

Player connection [8592]  * "[IP] 192.168.27.1 [Port] 0 [Flags] 2 [Guid] 2890300154 [EditorId] 2890300154 [Version] 1048832 [Id] WindowsEditor(7,DESKTOP-PHGS5PT) [Debug] 1 [PackageName] WindowsEditor [ProjectName] Editor" 

Player connection [8592]  * "[IP] 54.232.189.113 [Port] 0 [Flags] 2 [Guid] 2890300154 [EditorId] 2890300154 [Version] 1048832 [Id] WindowsEditor(7,DESKTOP-PHGS5PT) [Debug] 1 [PackageName] WindowsEditor [ProjectName] Editor" 

Player connection [8592]  * "[IP] 192.168.0.130 [Port] 0 [Flags] 2 [Guid] 2890300154 [EditorId] 2890300154 [Version] 1048832 [Id] WindowsEditor(7,DESKTOP-PHGS5PT) [Debug] 1 [PackageName] WindowsEditor [ProjectName] Editor" 

Player connection [8592] Host joined multi-casting on [225.0.0.222:54997]...
Player connection [8592] Host joined alternative multi-casting on [225.0.0.222:34997]...
JobSystem: Creating JobQueue using job-worker-count value 3
Input System module state changed to: Initialized.
[Physics::Module] Initialized fallback backend.
[Physics::Module] Id: 0xdecafbad
Library Redirect Path: Library/
[Physics::Module] Selected backend.
[Physics::Module] Name: PhysX
[Physics::Module] Id: 0xf2b8ea05
[Physics::Module] SDK Version: 4.1.2
[Physics::Module] Integration Version: 1.0.0
[Physics::Module] Threading Mode: Multi-Threaded
[Licensing::Module] Licensing is not yet initialized.
[Licensing::Client] Handshaking with LicensingClient:
  Version:                 1.17.4+4293ba1
  Session Id:              98709f1d8c304d0f8dc0d1bbe16dbe0d
  Correlation Id:          22dffdaffae75f868d3b245901424b27
  External correlation Id: 8877920363273313269
  Machine Id:              yeUtkCLXsKCdmfGi0DWboz4fkTU=
[Licensing::Module] Successfully connected to LicensingClient on channel: "LicenseClient-janar" (connect: 0.00s, validation: 0.00s, handshake: 3.01s)
[Licensing::IpcConnector] Successfully connected to: "LicenseClient-janar-notifications" at "2026-04-15T21:53:33.8976721Z"
[Licensing::Module] Licensing Background thread has ended after 3.01s
[Licensing::Module] Licensing is initialized (took 2.83s).
[Licensing::Client] Successfully resolved entitlement details
[Licensing::Module] License group:
  Id: 4674138079254-unity_ddae3bba23f9e25a3a6b-UnityProStuXXXX
  Product: Unity Student
  Type: Assigned
  Expiration: 2026-11-06T19:05:20Z
Refreshing native plugins compatible for Editor in 14.36 ms, found 3 plugins.
Preloading 0 native plugins for Editor in 0.00 ms.
Initialize engine version: 6000.0.70f1 (0d9e1a373c8b)
[Subsystems] Discovering subsystems at path C:/Program Files/Unity/Hub/Editor/6000.0.70f1/Editor/Data/Resources/UnitySubsystems
[Subsystems] Discovering subsystems at path C:/Jogo/Cats/Cats/Assets
GfxDevice: creating device client; kGfxThreadingModeNonThreaded
Direct3D:
    Version:  Direct3D 11.0 [level 11.1]
    Renderer: NVIDIA GeForce MX230 (ID=0x1d11)
    Vendor:   NVIDIA
    VRAM:     1982 MB
    Driver:   31.0.15.3209
Initialize mono
Mono path[0] = 'C:/Program Files/Unity/Hub/Editor/6000.0.70f1/Editor/Data/Managed'
Mono path[1] = 'C:/Program Files/Unity/Hub/Editor/6000.0.70f1/Editor/Data/MonoBleedingEdge/lib/mono/unityjit-win32'
Mono config path = 'C:/Program Files/Unity/Hub/Editor/6000.0.70f1/Editor/Data/MonoBleedingEdge/etc'
Using monoOptions --debugger-agent=transport=dt_socket,embedding=1,server=y,suspend=n,address=127.0.0.1:56528
Begin MonoManager ReloadAssembly
Registering precompiled unity dll's ...
Register platform support module: C:/Program Files/Unity/Hub/Editor/6000.0.70f1/Editor/Data/PlaybackEngines/WindowsStandaloneSupport/UnityEditor.WindowsStandalone.Extensions.dll
[Licensing::Client] Successfully resolved entitlement details
Register platform support module: C:/Program Files/Unity/Hub/Editor/6000.0.70f1/Editor/Data/PlaybackEngines/AndroidPlayer/UnityEditor.Android.Extensions.dll
Register platform support module: C:/Program Files/Unity/Hub/Editor/6000.0.70f1/Editor/Data/PlaybackEngines/iOSSupport/UnityEditor.iOS.Extensions.dll
Registered in 0.014436 seconds.
- Loaded All Assemblies, in  0.613 seconds
[usbmuxd] Start listen thread
[usbmuxd] Listen thread started
Native extension for iOS target not found
Native extension for Android target not found
Android Extension - Scanning For ADB Devices 339 ms
Native extension for WindowsStandalone target not found
Package Manager log level set to [2]
[Package Manager] Failed to launch server process. Reason: Unity was launched with the -noUpm command-line argument
[Package Manager] Unable to send message (not connected to server process).
[Package Manager] Cannot connect to Unity Package Manager local server
Mono: successfully reloaded assembly
- Finished resetting the current domain, in  0.935 seconds
Domain Reload Profiling: 1545ms
	BeginReloadAssembly (232ms)
		ExecutionOrderSort (0ms)
		DisableScriptedObjects (0ms)
		BackupInstance (0ms)
		ReleaseScriptingObjects (0ms)
		CreateAndSetChildDomain (1ms)
	RebuildCommonClasses (52ms)
	RebuildNativeTypeToScriptingClass (17ms)
	initialDomainReloadingComplete (89ms)
	LoadAllAssembliesAndSetupDomain (220ms)
		LoadAssemblies (231ms)
		RebuildTransferFunctionScriptingTraits (0ms)
		AnalyzeDomain (213ms)
			TypeCache.Refresh (211ms)
				TypeCache.ScanAssembly (192ms)
			BuildScriptInfoCaches (0ms)
			ResolveRequiredComponents (1ms)
	FinalizeReload (936ms)
		ReleaseScriptCaches (0ms)
		RebuildScriptCaches (0ms)
		SetupLoadedEditorAssemblies (896ms)
			LogAssemblyErrors (0ms)
			InitializePlatformSupportModulesInManaged (542ms)
			SetLoadedEditorAssemblies (5ms)
			BeforeProcessingInitializeOnLoad (74ms)
			ProcessInitializeOnLoadAttributes (191ms)
			ProcessInitializeOnLoadMethodAttributes (83ms)
			AfterProcessingInitializeOnLoad (0ms)
			EditorAssembliesLoaded (0ms)
		ExecutionOrderSort2 (0ms)
		AwakeInstancesAfterBackupRestoration (0ms)
========================================================================
Worker process is ready to serve import requests
Import Worker Mode flag is 0x00
Begin MonoManager ReloadAssembly
[Licensing::Client] Successfully resolved entitlement details
Launched and connected shader compiler UnityShaderCompiler.exe after 0.52 seconds
- Loaded All Assemblies, in  7.435 seconds
'Packages/com.unity.cinemachine/Editor/Obsolete/CinemachineVirtualCameraBaseEditor.cs' contains partial class of Unity.Object, exactly 1 of the partial classes needs to be in a file with the same filename. This is to know the one that can be referenced from ie. GameObjects
'Packages/com.unity.render-pipelines.high-definition/Editor/Wizard/HDWizard.UIElement.cs' contains partial class of Unity.Object, exactly 1 of the partial classes needs to be in a file with the same filename. This is to know the one that can be referenced from ie. GameObjects
'Packages/com.unity.render-pipelines.high-definition/Editor/Wizard/HDWizard.Configuration.cs' contains partial class of Unity.Object, exactly 1 of the partial classes needs to be in a file with the same filename. This is to know the one that can be referenced from ie. GameObjects
'Packages/com.unity.cinemachine/Editor/Editors/CinemachineVirtualCameraBaseEditor.cs' contains partial class of Unity.Object, exactly 1 of the partial classes needs to be in a file with the same filename. This is to know the one that can be referenced from ie. GameObjects
'Packages/com.unity.render-pipelines.high-definition/Editor/Wizard/HDWizard.Window.cs' contains partial class of Unity.Object, exactly 1 of the partial classes needs to be in a file with the same filename. This is to know the one that can be referenced from ie. GameObjects
Refreshing native plugins compatible for Editor in 4.02 ms, found 3 plugins.
Native extension for iOS target not found
Native extension for Android target not found
Native extension for WindowsStandalone target not found
[Package Manager] Failed to launch server process. Reason: Unity was launched with the -noUpm command-line argument
[Package Manager] Unable to send message (not connected to server process).
[Package Manager] Cannot connect to Unity Package Manager local server
[Package Manager] Failed to launch server process. Reason: Unity was launched with the -noUpm command-line argument
[Package Manager] Unable to send message (not connected to server process).
[Package Manager] Cannot connect to Unity Package Manager local server
[Package Manager] Failed to launch server process. Reason: Unity was launched with the -noUpm command-line argument
[Package Manager] Unable to send message (not connected to server process).
[Package Manager] Cannot connect to Unity Package Manager local server
Mono: successfully reloaded assembly
[Package Manager] Failed to launch server process. Reason: Unity was launched with the -noUpm command-line argument
[Package Manager] Unable to send message (not connected to server process).
[Package Manager] Cannot connect to Unity Package Manager local server
[Package Manager] Failed to launch server process. Reason: Unity was launched with the -noUpm command-line argument
[Package Manager] Unable to send message (not connected to server process).
[Package Manager] Cannot connect to Unity Package Manager local server
- Finished resetting the current domain, in  1.585 seconds
Domain Reload Profiling: 9014ms
	BeginReloadAssembly (6129ms)
		ExecutionOrderSort (0ms)
		DisableScriptedObjects (5853ms)
		BackupInstance (0ms)
		ReleaseScriptingObjects (0ms)
		CreateAndSetChildDomain (39ms)
	RebuildCommonClasses (50ms)
	RebuildNativeTypeToScriptingClass (18ms)
	initialDomainReloadingComplete (59ms)
	LoadAllAssembliesAndSetupDomain (1172ms)
		LoadAssemblies (753ms)
		RebuildTransferFunctionScriptingTraits (0ms)
		AnalyzeDomain (587ms)
			TypeCache.Refresh (400ms)
				TypeCache.ScanAssembly (369ms)
			BuildScriptInfoCaches (151ms)
			ResolveRequiredComponents (29ms)
	FinalizeReload (1586ms)
		ReleaseScriptCaches (0ms)
		RebuildScriptCaches (0ms)
		SetupLoadedEditorAssemblies (1161ms)
			LogAssemblyErrors (0ms)
			InitializePlatformSupportModulesInManaged (33ms)
			SetLoadedEditorAssemblies (7ms)
			BeforeProcessingInitializeOnLoad (211ms)
			ProcessInitializeOnLoadAttributes (810ms)
			ProcessInitializeOnLoadMethodAttributes (94ms)
			AfterProcessingInitializeOnLoad (7ms)
			EditorAssembliesLoaded (1ms)
		ExecutionOrderSort2 (0ms)
		AwakeInstancesAfterBackupRestoration (11ms)
WARNING: Shader Unsupported: 'HDRP/TerrainLit' - All subshaders removed
WARNING: Shader Did you use #pragma only_renderers and omit this platform?
WARNING: Shader If subshaders removal was intentional, you may have forgotten turning Fallback off?
WARNING: Shader Unsupported: 'HDRP/TerrainLit' - All subshaders removed
WARNING: Shader Did you use #pragma only_renderers and omit this platform?
WARNING: Shader If subshaders removal was intentional, you may have forgotten turning Fallback off?
Refreshing native plugins compatible for Editor in 7.54 ms, found 3 plugins.
Preloading 0 native plugins for Editor in 0.00 ms.
Unloading 180 Unused Serialized files (Serialized files now loaded: 0)
Unloading 8568 unused Assets / (32.6 MB). Loaded Objects now: 9289.
Memory consumption went from 202.8 MB to 170.2 MB.
Total: 41.001300 ms (FindLiveObjects: 2.029100 ms CreateObjectMapping: 3.353900 ms MarkObjects: 13.158100 ms  DeleteObjects: 22.457500 ms)

========================================================================
Received Import Request.
  Time since last request: 12304.847798 seconds.
  path: Assets/Images/UI/Return_Game.png
  artifactKey: Guid(1cda6662575c4894a8274f9e1599458b) Importer(815301076,1909f56bfc062723c751e8b465ee728b)
Start importing Assets/Images/UI/Return_Game.png using Guid(1cda6662575c4894a8274f9e1599458b) Importer(815301076,1909f56bfc062723c751e8b465ee728b) (PreviewImporter) -> (artifact id: 'efa15ac752f48f6e628df8371087121c') in 0.2484461 seconds
Number of updated asset objects reloaded before import = 0Number of asset objects unloaded after import = 3

========================================================================
Received Import Request.
  Time since last request: 0.000079 seconds.
  path: Assets/Images/UI/Jump_button.png
  artifactKey: Guid(c714681be4e9bfb4189994ccbd28d7f6) Importer(815301076,1909f56bfc062723c751e8b465ee728b)
Start importing Assets/Images/UI/Jump_button.png using Guid(c714681be4e9bfb4189994ccbd28d7f6) Importer(815301076,1909f56bfc062723c751e8b465ee728b) (PreviewImporter) -> (artifact id: 'be3738a22329d7114bc7322bf5728dd0') in 0.0337977 seconds
Number of updated asset objects reloaded before import = 0Number of asset objects unloaded after import = 3

========================================================================
Received Import Request.
  Time since last request: 0.000031 seconds.
  path: Assets/Images/UI/Captura de tela 2026-02-26 172733.jpg
  artifactKey: Guid(15acf900565474845ad6ee3330276a7d) Importer(815301076,1909f56bfc062723c751e8b465ee728b)
Start importing Assets/Images/UI/Captura de tela 2026-02-26 172733.jpg using Guid(15acf900565474845ad6ee3330276a7d) Importer(815301076,1909f56bfc062723c751e8b465ee728b) (PreviewImporter) -> (artifact id: 'ce811e576ac02e313abfba889ad0ff2b') in 0.0335342 seconds
Number of updated asset objects reloaded before import = 0Number of asset objects unloaded after import = 3

========================================================================
Received Import Request.
  Time since last request: 0.000021 seconds.
  path: Assets/Images/UI/Vitoria.png
  artifactKey: Guid(c86f98cebbe15c841b7962e4c1bec856) Importer(815301076,1909f56bfc062723c751e8b465ee728b)
Start importing Assets/Images/UI/Vitoria.png using Guid(c86f98cebbe15c841b7962e4c1bec856) Importer(815301076,1909f56bfc062723c751e8b465ee728b) (PreviewImporter) -> (artifact id: 'dc417cdad07c225356c86f3caf67540c') in 0.0657652 seconds
Number of updated asset objects reloaded before import = 0Number of asset objects unloaded after import = 3

========================================================================
Received Import Request.
  Time since last request: 0.000028 seconds.
  path: Assets/Images/UI/icone_game.png
  artifactKey: Guid(b1e0716af0367f64caa5cbd515dd0d35) Importer(815301076,1909f56bfc062723c751e8b465ee728b)
Start importing Assets/Images/UI/icone_game.png using Guid(b1e0716af0367f64caa5cbd515dd0d35) Importer(815301076,1909f56bfc062723c751e8b465ee728b) (PreviewImporter) -> (artifact id: 'ea8899920f9d0a1122c68bc7f95786b7') in 0.0302346 seconds
Number of updated asset objects reloaded before import = 0Number of asset objects unloaded after import = 2

========================================================================
Received Import Request.
  Time since last request: 0.000019 seconds.
  path: Assets/Images/UI/Trophy.png
  artifactKey: Guid(c7e80abd10c70a4469294fe5c9af07aa) Importer(815301076,1909f56bfc062723c751e8b465ee728b)
Start importing Assets/Images/UI/Trophy.png using Guid(c7e80abd10c70a4469294fe5c9af07aa) Importer(815301076,1909f56bfc062723c751e8b465ee728b) (PreviewImporter) -> (artifact id: 'cc03cf55b594b8344c5de50abff99c24') in 0.0392231 seconds
Number of updated asset objects reloaded before import = 0Number of asset objects unloaded after import = 3

========================================================================
Received Import Request.
  Time since last request: 0.000020 seconds.
  path: Assets/Images/UI/INFO-removebg-preview (1).png
  artifactKey: Guid(4a9b503511a472e49b220ee44de0b6cb) Importer(815301076,1909f56bfc062723c751e8b465ee728b)
Start importing Assets/Images/UI/INFO-removebg-preview (1).png using Guid(4a9b503511a472e49b220ee44de0b6cb) Importer(815301076,1909f56bfc062723c751e8b465ee728b) (PreviewImporter) -> (artifact id: '02da461910139d7ade958c620a0c2dbf') in 0.033905 seconds
Number of updated asset objects reloaded before import = 0Number of asset objects unloaded after import = 3

========================================================================
Received Import Request.
  Time since last request: 0.000028 seconds.
  path: Assets/Images/UI/Brasil.jpg
  artifactKey: Guid(d77d619c8b5e8dd4ca0e0ec9e293989c) Importer(815301076,1909f56bfc062723c751e8b465ee728b)
Start importing Assets/Images/UI/Brasil.jpg using Guid(d77d619c8b5e8dd4ca0e0ec9e293989c) Importer(815301076,1909f56bfc062723c751e8b465ee728b) (PreviewImporter) -> (artifact id: '930937d8e07effb7f14583b4e64977ce') in 0.0291679 seconds
Number of updated asset objects reloaded before import = 0Number of asset objects unloaded after import = 3

========================================================================
Received Import Request.
  Time since last request: 0.000022 seconds.
  path: Assets/Images/UI/SAVE.png
  artifactKey: Guid(f651c970fcb98df47b1302541f6962d2) Importer(815301076,1909f56bfc062723c751e8b465ee728b)
Start importing Assets/Images/UI/SAVE.png using Guid(f651c970fcb98df47b1302541f6962d2) Importer(815301076,1909f56bfc062723c751e8b465ee728b) (PreviewImporter) -> (artifact id: '583107431ce65710f6b875debea4a418') in 0.0343793 seconds
Number of updated asset objects reloaded before import = 0Number of asset objects unloaded after import = 3

========================================================================
Received Import Request.
  Time since last request: 0.000020 seconds.
  path: Assets/Images/UI/menu.png
  artifactKey: Guid(3c969d152d872024882bd11823e8b4e0) Importer(815301076,1909f56bfc062723c751e8b465ee728b)
Start importing Assets/Images/UI/menu.png using Guid(3c969d152d872024882bd11823e8b4e0) Importer(815301076,1909f56bfc062723c751e8b465ee728b) (PreviewImporter) -> (artifact id: 'ddca1033c3a9635509607db2dc2e4fac') in 0.0293367 seconds
Number of updated asset objects reloaded before import = 0Number of asset objects unloaded after import = 3

========================================================================
Received Import Request.
  Time since last request: 0.000030 seconds.
  path: Assets/Images/UI/Espanha.jpg
  artifactKey: Guid(eb78bc83bbad6da4db319cd34d736417) Importer(815301076,1909f56bfc062723c751e8b465ee728b)
Start importing Assets/Images/UI/Espanha.jpg using Guid(eb78bc83bbad6da4db319cd34d736417) Importer(815301076,1909f56bfc062723c751e8b465ee728b) (PreviewImporter) -> (artifact id: '716cec03bbcbeed34d9cee1191ae8e3d') in 0.026927 seconds
Number of updated asset objects reloaded before import = 0Number of asset objects unloaded after import = 3

========================================================================
Received Import Request.
  Time since last request: 0.000051 seconds.
  path: Assets/Images/UI/China.jpg
  artifactKey: Guid(d81c087dcb1530f44a32ba3e80f2a3d4) Importer(815301076,1909f56bfc062723c751e8b465ee728b)
Start importing Assets/Images/UI/China.jpg using Guid(d81c087dcb1530f44a32ba3e80f2a3d4) Importer(815301076,1909f56bfc062723c751e8b465ee728b) (PreviewImporter) -> (artifact id: 'ef614ee4206c381b0d6843b0afc07ff1') in 0.0314479 seconds
Number of updated asset objects reloaded before import = 0Number of asset objects unloaded after import = 3

========================================================================
Received Import Request.
  Time since last request: 0.000032 seconds.
  path: Assets/Images/UI/Image_info.png
  artifactKey: Guid(efdff35f2e338f84e9b29d10a18586a1) Importer(815301076,1909f56bfc062723c751e8b465ee728b)
Start importing Assets/Images/UI/Image_info.png using Guid(efdff35f2e338f84e9b29d10a18586a1) Importer(815301076,1909f56bfc062723c751e8b465ee728b) (PreviewImporter) -> (artifact id: 'e0462a76b478d29c22964ad124114e5e') in 0.0539766 seconds
Number of updated asset objects reloaded before import = 0Number of asset objects unloaded after import = 3

